The target system is: Android - 1 - aarch64
The host system is: Darwin - 24.6.0 - x86_64
Compiling the C compiler identification source file "CMakeCCompilerId.c" succeeded.
Compiler: /Users/joey/Library/Android/sdk/ndk/29.0.14033849/toolchains/llvm/prebuilt/darwin-x86_64/bin/clang 
Build flags: -g;-DANDROID;-fdata-sections;-ffunction-sections;-funwind-tables;-fstack-protector-strong;-no-canonical-prefixes;-D_FORTIFY_SOURCE=2;-Wformat;-Werror=format-security;
Id flags: -c;--target=aarch64-none-linux-android26 

The output was:
0


Compilation of the C compiler identification source "CMakeCCompilerId.c" produced "CMakeCCompilerId.o"

The C compiler identification is Clang, found in "/Users/joey/Desktop/work/01.prj/magic/release/v1.1.0/plugin/unity/Native/build/CMakeFiles/3.21.3/CompilerIdC/CMakeCCompilerId.o"

Compiling the CXX compiler identification source file "CMakeCXXCompilerId.cpp" succeeded.
Compiler: /Users/joey/Library/Android/sdk/ndk/29.0.14033849/toolchains/llvm/prebuilt/darwin-x86_64/bin/clang++ 
Build flags: -g;-DANDROID;-fdata-sections;-ffunction-sections;-funwind-tables;-fstack-protector-strong;-no-canonical-prefixes;-D_FORTIFY_SOURCE=2;-Wformat;-Werror=format-security;;
Id flags: -c;--target=aarch64-none-linux-android26 

The output was:
0


Compilation of the CXX compiler identification source "CMakeCXXCompilerId.cpp" produced "CMakeCXXCompilerId.o"

The CXX compiler identification is Clang, found in "/Users/joey/Desktop/work/01.prj/magic/release/v1.1.0/plugin/unity/Native/build/CMakeFiles/3.21.3/CompilerIdCXX/CMakeCXXCompilerId.o"

Detecting C compiler ABI info compiled with the following output:
Change Dir: /Users/joey/Desktop/work/01.prj/magic/release/v1.1.0/plugin/unity/Native/build/CMakeFiles/CMakeTmp

Run Build Command(s):/usr/bin/make -f Makefile cmTC_57a39/fast && /Applications/Xcode.app/Contents/Developer/usr/bin/make  -f CMakeFiles/cmTC_57a39.dir/build.make CMakeFiles/cmTC_57a39.dir/build
Building C object CMakeFiles/cmTC_57a39.dir/CMakeCCompilerABI.c.o
/Users/joey/Library/Android/sdk/ndk/29.0.14033849/toolchains/llvm/prebuilt/darwin-x86_64/bin/clang --target=aarch64-none-linux-android26 --sysroot=/Users/joey/Library/Android/sdk/ndk/29.0.14033849/toolchains/llvm/prebuilt/darwin-x86_64/sysroot   -g -DANDROID -fdata-sections -ffunction-sections -funwind-tables -fstack-protector-strong -no-canonical-prefixes -D_FORTIFY_SOURCE=2 -Wformat   -fPIE   -v -MD -MT CMakeFiles/cmTC_57a39.dir/CMakeCCompilerABI.c.o -MF CMakeFiles/cmTC_57a39.dir/CMakeCCompilerABI.c.o.d -o CMakeFiles/cmTC_57a39.dir/CMakeCCompilerABI.c.o -c /Applications/CMake.app/Contents/share/cmake-3.21/Modules/CMakeCCompilerABI.c
Android (13989888, +pgo, -bolt, +lto, -mlgo, based on r563880c) clang version 21.0.0 (https://android.googlesource.com/toolchain/llvm-project 5e96669f06077099aa41290cdb4c5e6fa0f59349)
Target: aarch64-none-linux-android26
Thread model: posix
InstalledDir: /Users/joey/Library/Android/sdk/ndk/29.0.14033849/toolchains/llvm/prebuilt/darwin-x86_64/bin
 (in-process)
 "/Users/joey/Library/Android/sdk/ndk/29.0.14033849/toolchains/llvm/prebuilt/darwin-x86_64/bin/clang" -cc1 -triple aarch64-none-linux-android26 -emit-obj -disable-free -clear-ast-before-backend -disable-llvm-verifier -discard-value-names -main-file-name CMakeCCompilerABI.c -mrelocation-model pic -pic-level 2 -pic-is-pie -mframe-pointer=non-leaf -ffp-contract=on -fno-rounding-math -mconstructor-aliases -funwind-tables=2 -enable-tlsdesc -target-cpu generic -target-feature +v8a -target-feature +fp-armv8 -target-feature +neon -target-feature +fix-cortex-a53-835769 -target-abi aapcs -debug-info-kind=constructor -dwarf-version=4 -debugger-tuning=gdb -fdebug-compilation-dir=/Users/joey/Desktop/work/01.prj/magic/release/v1.1.0/plugin/unity/Native/build/CMakeFiles/CMakeTmp -v -ffunction-sections -fdata-sections -fcoverage-compilation-dir=/Users/joey/Desktop/work/01.prj/magic/release/v1.1.0/plugin/unity/Native/build/CMakeFiles/CMakeTmp -resource-dir /Users/joey/Library/Android/sdk/ndk/29.0.14033849/toolchains/llvm/prebuilt/darwin-x86_64/lib/clang/21 -dependency-file CMakeFiles/cmTC_57a39.dir/CMakeCCompilerABI.c.o.d -MT CMakeFiles/cmTC_57a39.dir/CMakeCCompilerABI.c.o -sys-header-deps -D ANDROID -D _FORTIFY_SOURCE=2 -isysroot /Users/joey/Library/Android/sdk/ndk/29.0.14033849/toolchains/llvm/prebuilt/darwin-x86_64/sysroot -internal-isystem /Users/joey/Library/Android/sdk/ndk/29.0.14033849/toolchains/llvm/prebuilt/darwin-x86_64/lib/clang/21/include -internal-isystem /Users/joey/Library/Android/sdk/ndk/29.0.14033849/toolchains/llvm/prebuilt/darwin-x86_64/sysroot/usr/local/include -internal-externc-isystem /Users/joey/Library/Android/sdk/ndk/29.0.14033849/toolchains/llvm/prebuilt/darwin-x86_64/sysroot/usr/include/aarch64-linux-android -internal-externc-isystem /Users/joey/Library/Android/sdk/ndk/29.0.14033849/toolchains/llvm/prebuilt/darwin-x86_64/sysroot/include -internal-externc-isystem /Users/joey/Library/Android/sdk/ndk/29.0.14033849/toolchains/llvm/prebuilt/darwin-x86_64/sysroot/usr/include -Wformat -ferror-limit 19 -femulated-tls -stack-protector 2 -fno-signed-char -fgnuc-version=4.2.1 -fskip-odr-check-in-gmf -target-feature +outline-atomics -D__GCC_HAVE_DWARF2_CFI_ASM=1 -o CMakeFiles/cmTC_57a39.dir/CMakeCCompilerABI.c.o -x c /Applications/CMake.app/Contents/share/cmake-3.21/Modules/CMakeCCompilerABI.c
clang -cc1 version 21.0.0 based upon LLVM 21.0.0 default target arm64-apple-darwin24.6.0
ignoring nonexistent directory "/Users/joey/Library/Android/sdk/ndk/29.0.14033849/toolchains/llvm/prebuilt/darwin-x86_64/sysroot/usr/local/include"
ignoring nonexistent directory "/Users/joey/Library/Android/sdk/ndk/29.0.14033849/toolchains/llvm/prebuilt/darwin-x86_64/sysroot/include"
#include "..." search starts here:
#include <...> search starts here:
 /Users/joey/Library/Android/sdk/ndk/29.0.14033849/toolchains/llvm/prebuilt/darwin-x86_64/lib/clang/21/include
 /Users/joey/Library/Android/sdk/ndk/29.0.14033849/toolchains/llvm/prebuilt/darwin-x86_64/sysroot/usr/include/aarch64-linux-android
 /Users/joey/Library/Android/sdk/ndk/29.0.14033849/toolchains/llvm/prebuilt/darwin-x86_64/sysroot/usr/include
End of search list.
Linking C executable cmTC_57a39
/Applications/CMake.app/Contents/bin/cmake -E cmake_link_script CMakeFiles/cmTC_57a39.dir/link.txt --verbose=1
/Users/joey/Library/Android/sdk/ndk/29.0.14033849/toolchains/llvm/prebuilt/darwin-x86_64/bin/clang --target=aarch64-none-linux-android26 --sysroot=/Users/joey/Library/Android/sdk/ndk/29.0.14033849/toolchains/llvm/prebuilt/darwin-x86_64/sysroot -g -DANDROID -fdata-sections -ffunction-sections -funwind-tables -fstack-protector-strong -no-canonical-prefixes -D_FORTIFY_SOURCE=2 -Wformat   -Wl,--build-id=sha1 -Wl,--no-rosegment -Wl,--no-undefined-version -Wl,--fatal-warnings -Wl,--no-undefined -Qunused-arguments   -v CMakeFiles/cmTC_57a39.dir/CMakeCCompilerABI.c.o -o cmTC_57a39 
Android (13989888, +pgo, -bolt, +lto, -mlgo, based on r563880c) clang version 21.0.0 (https://android.googlesource.com/toolchain/llvm-project 5e96669f06077099aa41290cdb4c5e6fa0f59349)
Target: aarch64-none-linux-android26
Thread model: posix
InstalledDir: /Users/joey/Library/Android/sdk/ndk/29.0.14033849/toolchains/llvm/prebuilt/darwin-x86_64/bin
 "/Users/joey/Library/Android/sdk/ndk/29.0.14033849/toolchains/llvm/prebuilt/darwin-x86_64/bin/ld.lld" --sysroot=/Users/joey/Library/Android/sdk/ndk/29.0.14033849/toolchains/llvm/prebuilt/darwin-x86_64/sysroot -EL --fix-cortex-a53-843419 -z now -z relro -z max-page-size=16384 --no-rosegment --hash-style=gnu --eh-frame-hdr -m aarch64linux -pie -dynamic-linker /system/bin/linker64 -o cmTC_57a39 /Users/joey/Library/Android/sdk/ndk/29.0.14033849/toolchains/llvm/prebuilt/darwin-x86_64/sysroot/usr/lib/aarch64-linux-android/26/crtbegin_dynamic.o -L/Users/joey/Library/Android/sdk/ndk/29.0.14033849/toolchains/llvm/prebuilt/darwin-x86_64/lib/clang/21/lib/linux/aarch64 -L/Users/joey/Library/Android/sdk/ndk/29.0.14033849/toolchains/llvm/prebuilt/darwin-x86_64/sysroot/usr/lib/aarch64-linux-android/26 -L/Users/joey/Library/Android/sdk/ndk/29.0.14033849/toolchains/llvm/prebuilt/darwin-x86_64/sysroot/usr/lib/aarch64-linux-android -L/Users/joey/Library/Android/sdk/ndk/29.0.14033849/toolchains/llvm/prebuilt/darwin-x86_64/sysroot/usr/lib --build-id=sha1 --no-rosegment --no-undefined-version --fatal-warnings --no-undefined CMakeFiles/cmTC_57a39.dir/CMakeCCompilerABI.c.o /Users/joey/Library/Android/sdk/ndk/29.0.14033849/toolchains/llvm/prebuilt/darwin-x86_64/lib/clang/21/lib/linux/libclang_rt.builtins-aarch64-android.a -l:libunwind.a -ldl -lc /Users/joey/Library/Android/sdk/ndk/29.0.14033849/toolchains/llvm/prebuilt/darwin-x86_64/lib/clang/21/lib/linux/libclang_rt.builtins-aarch64-android.a -l:libunwind.a -ldl /Users/joey/Library/Android/sdk/ndk/29.0.14033849/toolchains/llvm/prebuilt/darwin-x86_64/sysroot/usr/lib/aarch64-linux-android/26/crtend_android.o



Parsed C implicit include dir info from above output: rv=done
  found start of include info
  found start of implicit include info
    add: [/Users/joey/Library/Android/sdk/ndk/29.0.14033849/toolchains/llvm/prebuilt/darwin-x86_64/lib/clang/21/include]
    add: [/Users/joey/Library/Android/sdk/ndk/29.0.14033849/toolchains/llvm/prebuilt/darwin-x86_64/sysroot/usr/include/aarch64-linux-android]
    add: [/Users/joey/Library/Android/sdk/ndk/29.0.14033849/toolchains/llvm/prebuilt/darwin-x86_64/sysroot/usr/include]
  end of search list found
  collapse include dir [/Users/joey/Library/Android/sdk/ndk/29.0.14033849/toolchains/llvm/prebuilt/darwin-x86_64/lib/clang/21/include] ==> [/Users/joey/Library/Android/sdk/ndk/29.0.14033849/toolchains/llvm/prebuilt/darwin-x86_64/lib/clang/21/include]
  collapse include dir [/Users/joey/Library/Android/sdk/ndk/29.0.14033849/toolchains/llvm/prebuilt/darwin-x86_64/sysroot/usr/include/aarch64-linux-android] ==> [/Users/joey/Library/Android/sdk/ndk/29.0.14033849/toolchains/llvm/prebuilt/darwin-x86_64/sysroot/usr/include/aarch64-linux-android]
  collapse include dir [/Users/joey/Library/Android/sdk/ndk/29.0.14033849/toolchains/llvm/prebuilt/darwin-x86_64/sysroot/usr/include] ==> [/Users/joey/Library/Android/sdk/ndk/29.0.14033849/toolchains/llvm/prebuilt/darwin-x86_64/sysroot/usr/include]
  implicit include dirs: [/Users/joey/Library/Android/sdk/ndk/29.0.14033849/toolchains/llvm/prebuilt/darwin-x86_64/lib/clang/21/include;/Users/joey/Library/Android/sdk/ndk/29.0.14033849/toolchains/llvm/prebuilt/darwin-x86_64/sysroot/usr/include/aarch64-linux-android;/Users/joey/Library/Android/sdk/ndk/29.0.14033849/toolchains/llvm/prebuilt/darwin-x86_64/sysroot/usr/include]


Parsed C implicit link information from above output:
  link line regex: [^( *|.*[/\])(ld\.lld|CMAKE_LINK_STARTFILE-NOTFOUND|([^/\]+-)?ld|collect2)[^/\]*( |$)]
  ignore line: [Change Dir: /Users/joey/Desktop/work/01.prj/magic/release/v1.1.0/plugin/unity/Native/build/CMakeFiles/CMakeTmp]
  ignore line: []
  ignore line: [Run Build Command(s):/usr/bin/make -f Makefile cmTC_57a39/fast && /Applications/Xcode.app/Contents/Developer/usr/bin/make  -f CMakeFiles/cmTC_57a39.dir/build.make CMakeFiles/cmTC_57a39.dir/build]
  ignore line: [Building C object CMakeFiles/cmTC_57a39.dir/CMakeCCompilerABI.c.o]
  ignore line: [/Users/joey/Library/Android/sdk/ndk/29.0.14033849/toolchains/llvm/prebuilt/darwin-x86_64/bin/clang --target=aarch64-none-linux-android26 --sysroot=/Users/joey/Library/Android/sdk/ndk/29.0.14033849/toolchains/llvm/prebuilt/darwin-x86_64/sysroot   -g -DANDROID -fdata-sections -ffunction-sections -funwind-tables -fstack-protector-strong -no-canonical-prefixes -D_FORTIFY_SOURCE=2 -Wformat   -fPIE   -v -MD -MT CMakeFiles/cmTC_57a39.dir/CMakeCCompilerABI.c.o -MF CMakeFiles/cmTC_57a39.dir/CMakeCCompilerABI.c.o.d -o CMakeFiles/cmTC_57a39.dir/CMakeCCompilerABI.c.o -c /Applications/CMake.app/Contents/share/cmake-3.21/Modules/CMakeCCompilerABI.c]
  ignore line: [Android (13989888  +pgo  -bolt  +lto  -mlgo  based on r563880c) clang version 21.0.0 (https://android.googlesource.com/toolchain/llvm-project 5e96669f06077099aa41290cdb4c5e6fa0f59349)]
  ignore line: [Target: aarch64-none-linux-android26]
  ignore line: [Thread model: posix]
  ignore line: [InstalledDir: /Users/joey/Library/Android/sdk/ndk/29.0.14033849/toolchains/llvm/prebuilt/darwin-x86_64/bin]
  ignore line: [ (in-process)]
  ignore line: [ "/Users/joey/Library/Android/sdk/ndk/29.0.14033849/toolchains/llvm/prebuilt/darwin-x86_64/bin/clang" -cc1 -triple aarch64-none-linux-android26 -emit-obj -disable-free -clear-ast-before-backend -disable-llvm-verifier -discard-value-names -main-file-name CMakeCCompilerABI.c -mrelocation-model pic -pic-level 2 -pic-is-pie -mframe-pointer=non-leaf -ffp-contract=on -fno-rounding-math -mconstructor-aliases -funwind-tables=2 -enable-tlsdesc -target-cpu generic -target-feature +v8a -target-feature +fp-armv8 -target-feature +neon -target-feature +fix-cortex-a53-835769 -target-abi aapcs -debug-info-kind=constructor -dwarf-version=4 -debugger-tuning=gdb -fdebug-compilation-dir=/Users/joey/Desktop/work/01.prj/magic/release/v1.1.0/plugin/unity/Native/build/CMakeFiles/CMakeTmp -v -ffunction-sections -fdata-sections -fcoverage-compilation-dir=/Users/joey/Desktop/work/01.prj/magic/release/v1.1.0/plugin/unity/Native/build/CMakeFiles/CMakeTmp -resource-dir /Users/joey/Library/Android/sdk/ndk/29.0.14033849/toolchains/llvm/prebuilt/darwin-x86_64/lib/clang/21 -dependency-file CMakeFiles/cmTC_57a39.dir/CMakeCCompilerABI.c.o.d -MT CMakeFiles/cmTC_57a39.dir/CMakeCCompilerABI.c.o -sys-header-deps -D ANDROID -D _FORTIFY_SOURCE=2 -isysroot /Users/joey/Library/Android/sdk/ndk/29.0.14033849/toolchains/llvm/prebuilt/darwin-x86_64/sysroot -internal-isystem /Users/joey/Library/Android/sdk/ndk/29.0.14033849/toolchains/llvm/prebuilt/darwin-x86_64/lib/clang/21/include -internal-isystem /Users/joey/Library/Android/sdk/ndk/29.0.14033849/toolchains/llvm/prebuilt/darwin-x86_64/sysroot/usr/local/include -internal-externc-isystem /Users/joey/Library/Android/sdk/ndk/29.0.14033849/toolchains/llvm/prebuilt/darwin-x86_64/sysroot/usr/include/aarch64-linux-android -internal-externc-isystem /Users/joey/Library/Android/sdk/ndk/29.0.14033849/toolchains/llvm/prebuilt/darwin-x86_64/sysroot/include -internal-externc-isystem /Users/joey/Library/Android/sdk/ndk/29.0.14033849/toolchains/llvm/prebuilt/darwin-x86_64/sysroot/usr/include -Wformat -ferror-limit 19 -femulated-tls -stack-protector 2 -fno-signed-char -fgnuc-version=4.2.1 -fskip-odr-check-in-gmf -target-feature +outline-atomics -D__GCC_HAVE_DWARF2_CFI_ASM=1 -o CMakeFiles/cmTC_57a39.dir/CMakeCCompilerABI.c.o -x c /Applications/CMake.app/Contents/share/cmake-3.21/Modules/CMakeCCompilerABI.c]
  ignore line: [clang -cc1 version 21.0.0 based upon LLVM 21.0.0 default target arm64-apple-darwin24.6.0]
  ignore line: [ignoring nonexistent directory "/Users/joey/Library/Android/sdk/ndk/29.0.14033849/toolchains/llvm/prebuilt/darwin-x86_64/sysroot/usr/local/include"]
  ignore line: [ignoring nonexistent directory "/Users/joey/Library/Android/sdk/ndk/29.0.14033849/toolchains/llvm/prebuilt/darwin-x86_64/sysroot/include"]
  ignore line: [#include "..." search starts here:]
  ignore line: [#include <...> search starts here:]
  ignore line: [ /Users/joey/Library/Android/sdk/ndk/29.0.14033849/toolchains/llvm/prebuilt/darwin-x86_64/lib/clang/21/include]
  ignore line: [ /Users/joey/Library/Android/sdk/ndk/29.0.14033849/toolchains/llvm/prebuilt/darwin-x86_64/sysroot/usr/include/aarch64-linux-android]
  ignore line: [ /Users/joey/Library/Android/sdk/ndk/29.0.14033849/toolchains/llvm/prebuilt/darwin-x86_64/sysroot/usr/include]
  ignore line: [End of search list.]
  ignore line: [Linking C executable cmTC_57a39]
  ignore line: [/Applications/CMake.app/Contents/bin/cmake -E cmake_link_script CMakeFiles/cmTC_57a39.dir/link.txt --verbose=1]
  ignore line: [/Users/joey/Library/Android/sdk/ndk/29.0.14033849/toolchains/llvm/prebuilt/darwin-x86_64/bin/clang --target=aarch64-none-linux-android26 --sysroot=/Users/joey/Library/Android/sdk/ndk/29.0.14033849/toolchains/llvm/prebuilt/darwin-x86_64/sysroot -g -DANDROID -fdata-sections -ffunction-sections -funwind-tables -fstack-protector-strong -no-canonical-prefixes -D_FORTIFY_SOURCE=2 -Wformat   -Wl --build-id=sha1 -Wl --no-rosegment -Wl --no-undefined-version -Wl --fatal-warnings -Wl --no-undefined -Qunused-arguments   -v CMakeFiles/cmTC_57a39.dir/CMakeCCompilerABI.c.o -o cmTC_57a39 ]
  ignore line: [Android (13989888  +pgo  -bolt  +lto  -mlgo  based on r563880c) clang version 21.0.0 (https://android.googlesource.com/toolchain/llvm-project 5e96669f06077099aa41290cdb4c5e6fa0f59349)]
  ignore line: [Target: aarch64-none-linux-android26]
  ignore line: [Thread model: posix]
  ignore line: [InstalledDir: /Users/joey/Library/Android/sdk/ndk/29.0.14033849/toolchains/llvm/prebuilt/darwin-x86_64/bin]
  link line: [ "/Users/joey/Library/Android/sdk/ndk/29.0.14033849/toolchains/llvm/prebuilt/darwin-x86_64/bin/ld.lld" --sysroot=/Users/joey/Library/Android/sdk/ndk/29.0.14033849/toolchains/llvm/prebuilt/darwin-x86_64/sysroot -EL --fix-cortex-a53-843419 -z now -z relro -z max-page-size=16384 --no-rosegment --hash-style=gnu --eh-frame-hdr -m aarch64linux -pie -dynamic-linker /system/bin/linker64 -o cmTC_57a39 /Users/joey/Library/Android/sdk/ndk/29.0.14033849/toolchains/llvm/prebuilt/darwin-x86_64/sysroot/usr/lib/aarch64-linux-android/26/crtbegin_dynamic.o -L/Users/joey/Library/Android/sdk/ndk/29.0.14033849/toolchains/llvm/prebuilt/darwin-x86_64/lib/clang/21/lib/linux/aarch64 -L/Users/joey/Library/Android/sdk/ndk/29.0.14033849/toolchains/llvm/prebuilt/darwin-x86_64/sysroot/usr/lib/aarch64-linux-android/26 -L/Users/joey/Library/Android/sdk/ndk/29.0.14033849/toolchains/llvm/prebuilt/darwin-x86_64/sysroot/usr/lib/aarch64-linux-android -L/Users/joey/Library/Android/sdk/ndk/29.0.14033849/toolchains/llvm/prebuilt/darwin-x86_64/sysroot/usr/lib --build-id=sha1 --no-rosegment --no-undefined-version --fatal-warnings --no-undefined CMakeFiles/cmTC_57a39.dir/CMakeCCompilerABI.c.o /Users/joey/Library/Android/sdk/ndk/29.0.14033849/toolchains/llvm/prebuilt/darwin-x86_64/lib/clang/21/lib/linux/libclang_rt.builtins-aarch64-android.a -l:libunwind.a -ldl -lc /Users/joey/Library/Android/sdk/ndk/29.0.14033849/toolchains/llvm/prebuilt/darwin-x86_64/lib/clang/21/lib/linux/libclang_rt.builtins-aarch64-android.a -l:libunwind.a -ldl /Users/joey/Library/Android/sdk/ndk/29.0.14033849/toolchains/llvm/prebuilt/darwin-x86_64/sysroot/usr/lib/aarch64-linux-android/26/crtend_android.o]
    arg [/Users/joey/Library/Android/sdk/ndk/29.0.14033849/toolchains/llvm/prebuilt/darwin-x86_64/bin/ld.lld] ==> ignore
    arg [--sysroot=/Users/joey/Library/Android/sdk/ndk/29.0.14033849/toolchains/llvm/prebuilt/darwin-x86_64/sysroot] ==> ignore
    arg [-EL] ==> ignore
    arg [--fix-cortex-a53-843419] ==> ignore
    arg [-znow] ==> ignore
    arg [-zrelro] ==> ignore
    arg [-zmax-page-size=16384] ==> ignore
    arg [--no-rosegment] ==> ignore
    arg [--hash-style=gnu] ==> ignore
    arg [--eh-frame-hdr] ==> ignore
    arg [-m] ==> ignore
    arg [aarch64linux] ==> ignore
    arg [-pie] ==> ignore
    arg [-dynamic-linker] ==> ignore
    arg [/system/bin/linker64] ==> ignore
    arg [-o] ==> ignore
    arg [cmTC_57a39] ==> ignore
    arg [/Users/joey/Library/Android/sdk/ndk/29.0.14033849/toolchains/llvm/prebuilt/darwin-x86_64/sysroot/usr/lib/aarch64-linux-android/26/crtbegin_dynamic.o] ==> obj [/Users/joey/Library/Android/sdk/ndk/29.0.14033849/toolchains/llvm/prebuilt/darwin-x86_64/sysroot/usr/lib/aarch64-linux-android/26/crtbegin_dynamic.o]
    arg [-L/Users/joey/Library/Android/sdk/ndk/29.0.14033849/toolchains/llvm/prebuilt/darwin-x86_64/lib/clang/21/lib/linux/aarch64] ==> dir [/Users/joey/Library/Android/sdk/ndk/29.0.14033849/toolchains/llvm/prebuilt/darwin-x86_64/lib/clang/21/lib/linux/aarch64]
    arg [-L/Users/joey/Library/Android/sdk/ndk/29.0.14033849/toolchains/llvm/prebuilt/darwin-x86_64/sysroot/usr/lib/aarch64-linux-android/26] ==> dir [/Users/joey/Library/Android/sdk/ndk/29.0.14033849/toolchains/llvm/prebuilt/darwin-x86_64/sysroot/usr/lib/aarch64-linux-android/26]
    arg [-L/Users/joey/Library/Android/sdk/ndk/29.0.14033849/toolchains/llvm/prebuilt/darwin-x86_64/sysroot/usr/lib/aarch64-linux-android] ==> dir [/Users/joey/Library/Android/sdk/ndk/29.0.14033849/toolchains/llvm/prebuilt/darwin-x86_64/sysroot/usr/lib/aarch64-linux-android]
    arg [-L/Users/joey/Library/Android/sdk/ndk/29.0.14033849/toolchains/llvm/prebuilt/darwin-x86_64/sysroot/usr/lib] ==> dir [/Users/joey/Library/Android/sdk/ndk/29.0.14033849/toolchains/llvm/prebuilt/darwin-x86_64/sysroot/usr/lib]
    arg [--build-id=sha1] ==> ignore
    arg [--no-rosegment] ==> ignore
    arg [--no-undefined-version] ==> ignore
    arg [--fatal-warnings] ==> ignore
    arg [--no-undefined] ==> ignore
    arg [CMakeFiles/cmTC_57a39.dir/CMakeCCompilerABI.c.o] ==> ignore
    arg [/Users/joey/Library/Android/sdk/ndk/29.0.14033849/toolchains/llvm/prebuilt/darwin-x86_64/lib/clang/21/lib/linux/libclang_rt.builtins-aarch64-android.a] ==> lib [/Users/joey/Library/Android/sdk/ndk/29.0.14033849/toolchains/llvm/prebuilt/darwin-x86_64/lib/clang/21/lib/linux/libclang_rt.builtins-aarch64-android.a]
    arg [-l:libunwind.a] ==> lib [-l:libunwind.a]
    arg [-ldl] ==> lib [dl]
    arg [-lc] ==> lib [c]
    arg [/Users/joey/Library/Android/sdk/ndk/29.0.14033849/toolchains/llvm/prebuilt/darwin-x86_64/lib/clang/21/lib/linux/libclang_rt.builtins-aarch64-android.a] ==> lib [/Users/joey/Library/Android/sdk/ndk/29.0.14033849/toolchains/llvm/prebuilt/darwin-x86_64/lib/clang/21/lib/linux/libclang_rt.builtins-aarch64-android.a]
    arg [-l:libunwind.a] ==> lib [-l:libunwind.a]
    arg [-ldl] ==> lib [dl]
    arg [/Users/joey/Library/Android/sdk/ndk/29.0.14033849/toolchains/llvm/prebuilt/darwin-x86_64/sysroot/usr/lib/aarch64-linux-android/26/crtend_android.o] ==> obj [/Users/joey/Library/Android/sdk/ndk/29.0.14033849/toolchains/llvm/prebuilt/darwin-x86_64/sysroot/usr/lib/aarch64-linux-android/26/crtend_android.o]
  remove lib [/Users/joey/Library/Android/sdk/ndk/29.0.14033849/toolchains/llvm/prebuilt/darwin-x86_64/lib/clang/21/lib/linux/libclang_rt.builtins-aarch64-android.a]
  remove lib [/Users/joey/Library/Android/sdk/ndk/29.0.14033849/toolchains/llvm/prebuilt/darwin-x86_64/lib/clang/21/lib/linux/libclang_rt.builtins-aarch64-android.a]
  collapse library dir [/Users/joey/Library/Android/sdk/ndk/29.0.14033849/toolchains/llvm/prebuilt/darwin-x86_64/lib/clang/21/lib/linux/aarch64] ==> [/Users/joey/Library/Android/sdk/ndk/29.0.14033849/toolchains/llvm/prebuilt/darwin-x86_64/lib/clang/21/lib/linux/aarch64]
  collapse library dir [/Users/joey/Library/Android/sdk/ndk/29.0.14033849/toolchains/llvm/prebuilt/darwin-x86_64/sysroot/usr/lib/aarch64-linux-android/26] ==> [/Users/joey/Library/Android/sdk/ndk/29.0.14033849/toolchains/llvm/prebuilt/darwin-x86_64/sysroot/usr/lib/aarch64-linux-android/26]
  collapse library dir [/Users/joey/Library/Android/sdk/ndk/29.0.14033849/toolchains/llvm/prebuilt/darwin-x86_64/sysroot/usr/lib/aarch64-linux-android] ==> [/Users/joey/Library/Android/sdk/ndk/29.0.14033849/toolchains/llvm/prebuilt/darwin-x86_64/sysroot/usr/lib/aarch64-linux-android]
  collapse library dir [/Users/joey/Library/Android/sdk/ndk/29.0.14033849/toolchains/llvm/prebuilt/darwin-x86_64/sysroot/usr/lib] ==> [/Users/joey/Library/Android/sdk/ndk/29.0.14033849/toolchains/llvm/prebuilt/darwin-x86_64/sysroot/usr/lib]
  implicit libs: [-l:libunwind.a;dl;c;-l:libunwind.a;dl]
  implicit objs: [/Users/joey/Library/Android/sdk/ndk/29.0.14033849/toolchains/llvm/prebuilt/darwin-x86_64/sysroot/usr/lib/aarch64-linux-android/26/crtbegin_dynamic.o;/Users/joey/Library/Android/sdk/ndk/29.0.14033849/toolchains/llvm/prebuilt/darwin-x86_64/sysroot/usr/lib/aarch64-linux-android/26/crtend_android.o]
  implicit dirs: [/Users/joey/Library/Android/sdk/ndk/29.0.14033849/toolchains/llvm/prebuilt/darwin-x86_64/lib/clang/21/lib/linux/aarch64;/Users/joey/Library/Android/sdk/ndk/29.0.14033849/toolchains/llvm/prebuilt/darwin-x86_64/sysroot/usr/lib/aarch64-linux-android/26;/Users/joey/Library/Android/sdk/ndk/29.0.14033849/toolchains/llvm/prebuilt/darwin-x86_64/sysroot/usr/lib/aarch64-linux-android;/Users/joey/Library/Android/sdk/ndk/29.0.14033849/toolchains/llvm/prebuilt/darwin-x86_64/sysroot/usr/lib]
  implicit fwks: []


Detecting CXX compiler ABI info compiled with the following output:
Change Dir: /Users/joey/Desktop/work/01.prj/magic/release/v1.1.0/plugin/unity/Native/build/CMakeFiles/CMakeTmp

Run Build Command(s):/usr/bin/make -f Makefile cmTC_553e6/fast && /Applications/Xcode.app/Contents/Developer/usr/bin/make  -f CMakeFiles/cmTC_553e6.dir/build.make CMakeFiles/cmTC_553e6.dir/build
Building CXX object CMakeFiles/cmTC_553e6.dir/CMakeCXXCompilerABI.cpp.o
/Users/joey/Library/Android/sdk/ndk/29.0.14033849/toolchains/llvm/prebuilt/darwin-x86_64/bin/clang++ --target=aarch64-none-linux-android26 --sysroot=/Users/joey/Library/Android/sdk/ndk/29.0.14033849/toolchains/llvm/prebuilt/darwin-x86_64/sysroot   -g -DANDROID -fdata-sections -ffunction-sections -funwind-tables -fstack-protector-strong -no-canonical-prefixes -D_FORTIFY_SOURCE=2 -Wformat    -fPIE   -v -MD -MT CMakeFiles/cmTC_553e6.dir/CMakeCXXCompilerABI.cpp.o -MF CMakeFiles/cmTC_553e6.dir/CMakeCXXCompilerABI.cpp.o.d -o CMakeFiles/cmTC_553e6.dir/CMakeCXXCompilerABI.cpp.o -c /Applications/CMake.app/Contents/share/cmake-3.21/Modules/CMakeCXXCompilerABI.cpp
Android (13989888, +pgo, -bolt, +lto, -mlgo, based on r563880c) clang version 21.0.0 (https://android.googlesource.com/toolchain/llvm-project 5e96669f06077099aa41290cdb4c5e6fa0f59349)
Target: aarch64-none-linux-android26
Thread model: posix
InstalledDir: /Users/joey/Library/Android/sdk/ndk/29.0.14033849/toolchains/llvm/prebuilt/darwin-x86_64/bin
 (in-process)
 "/Users/joey/Library/Android/sdk/ndk/29.0.14033849/toolchains/llvm/prebuilt/darwin-x86_64/bin/clang++" -cc1 -triple aarch64-none-linux-android26 -emit-obj -disable-free -clear-ast-before-backend -disable-llvm-verifier -discard-value-names -main-file-name CMakeCXXCompilerABI.cpp -mrelocation-model pic -pic-level 2 -pic-is-pie -mframe-pointer=non-leaf -ffp-contract=on -fno-rounding-math -mconstructor-aliases -funwind-tables=2 -enable-tlsdesc -target-cpu generic -target-feature +v8a -target-feature +fp-armv8 -target-feature +neon -target-feature +fix-cortex-a53-835769 -target-abi aapcs -debug-info-kind=constructor -dwarf-version=4 -debugger-tuning=gdb -fdebug-compilation-dir=/Users/joey/Desktop/work/01.prj/magic/release/v1.1.0/plugin/unity/Native/build/CMakeFiles/CMakeTmp -v -ffunction-sections -fdata-sections -fcoverage-compilation-dir=/Users/joey/Desktop/work/01.prj/magic/release/v1.1.0/plugin/unity/Native/build/CMakeFiles/CMakeTmp -resource-dir /Users/joey/Library/Android/sdk/ndk/29.0.14033849/toolchains/llvm/prebuilt/darwin-x86_64/lib/clang/21 -dependency-file CMakeFiles/cmTC_553e6.dir/CMakeCXXCompilerABI.cpp.o.d -MT CMakeFiles/cmTC_553e6.dir/CMakeCXXCompilerABI.cpp.o -sys-header-deps -D ANDROID -D _FORTIFY_SOURCE=2 -isysroot /Users/joey/Library/Android/sdk/ndk/29.0.14033849/toolchains/llvm/prebuilt/darwin-x86_64/sysroot -internal-isystem /Users/joey/Library/Android/sdk/ndk/29.0.14033849/toolchains/llvm/prebuilt/darwin-x86_64/sysroot/usr/include/c++/v1 -internal-isystem /Users/joey/Library/Android/sdk/ndk/29.0.14033849/toolchains/llvm/prebuilt/darwin-x86_64/lib/clang/21/include -internal-isystem /Users/joey/Library/Android/sdk/ndk/29.0.14033849/toolchains/llvm/prebuilt/darwin-x86_64/sysroot/usr/local/include -internal-externc-isystem /Users/joey/Library/Android/sdk/ndk/29.0.14033849/toolchains/llvm/prebuilt/darwin-x86_64/sysroot/usr/include/aarch64-linux-android -internal-externc-isystem /Users/joey/Library/Android/sdk/ndk/29.0.14033849/toolchains/llvm/prebuilt/darwin-x86_64/sysroot/include -internal-externc-isystem /Users/joey/Library/Android/sdk/ndk/29.0.14033849/toolchains/llvm/prebuilt/darwin-x86_64/sysroot/usr/include -Wformat -fdeprecated-macro -ferror-limit 19 -femulated-tls -stack-protector 2 -fno-signed-char -fgnuc-version=4.2.1 -fskip-odr-check-in-gmf -fcxx-exceptions -fexceptions -target-feature +outline-atomics -D__GCC_HAVE_DWARF2_CFI_ASM=1 -o CMakeFiles/cmTC_553e6.dir/CMakeCXXCompilerABI.cpp.o -x c++ /Applications/CMake.app/Contents/share/cmake-3.21/Modules/CMakeCXXCompilerABI.cpp
clang -cc1 version 21.0.0 based upon LLVM 21.0.0 default target arm64-apple-darwin24.6.0
ignoring nonexistent directory "/Users/joey/Library/Android/sdk/ndk/29.0.14033849/toolchains/llvm/prebuilt/darwin-x86_64/sysroot/usr/local/include"
ignoring nonexistent directory "/Users/joey/Library/Android/sdk/ndk/29.0.14033849/toolchains/llvm/prebuilt/darwin-x86_64/sysroot/include"
#include "..." search starts here:
#include <...> search starts here:
 /Users/joey/Library/Android/sdk/ndk/29.0.14033849/toolchains/llvm/prebuilt/darwin-x86_64/sysroot/usr/include/c++/v1
 /Users/joey/Library/Android/sdk/ndk/29.0.14033849/toolchains/llvm/prebuilt/darwin-x86_64/lib/clang/21/include
 /Users/joey/Library/Android/sdk/ndk/29.0.14033849/toolchains/llvm/prebuilt/darwin-x86_64/sysroot/usr/include/aarch64-linux-android
 /Users/joey/Library/Android/sdk/ndk/29.0.14033849/toolchains/llvm/prebuilt/darwin-x86_64/sysroot/usr/include
End of search list.
Linking CXX executable cmTC_553e6
/Applications/CMake.app/Contents/bin/cmake -E cmake_link_script CMakeFiles/cmTC_553e6.dir/link.txt --verbose=1
/Users/joey/Library/Android/sdk/ndk/29.0.14033849/toolchains/llvm/prebuilt/darwin-x86_64/bin/clang++ --target=aarch64-none-linux-android26 --sysroot=/Users/joey/Library/Android/sdk/ndk/29.0.14033849/toolchains/llvm/prebuilt/darwin-x86_64/sysroot -g -DANDROID -fdata-sections -ffunction-sections -funwind-tables -fstack-protector-strong -no-canonical-prefixes -D_FORTIFY_SOURCE=2 -Wformat    -Wl,--build-id=sha1 -Wl,--no-rosegment -Wl,--no-undefined-version -Wl,--fatal-warnings -Wl,--no-undefined -Qunused-arguments   -v CMakeFiles/cmTC_553e6.dir/CMakeCXXCompilerABI.cpp.o -o cmTC_553e6 
Android (13989888, +pgo, -bolt, +lto, -mlgo, based on r563880c) clang version 21.0.0 (https://android.googlesource.com/toolchain/llvm-project 5e96669f06077099aa41290cdb4c5e6fa0f59349)
Target: aarch64-none-linux-android26
Thread model: posix
InstalledDir: /Users/joey/Library/Android/sdk/ndk/29.0.14033849/toolchains/llvm/prebuilt/darwin-x86_64/bin
 "/Users/joey/Library/Android/sdk/ndk/29.0.14033849/toolchains/llvm/prebuilt/darwin-x86_64/bin/ld.lld" --sysroot=/Users/joey/Library/Android/sdk/ndk/29.0.14033849/toolchains/llvm/prebuilt/darwin-x86_64/sysroot -EL --fix-cortex-a53-843419 -z now -z relro -z max-page-size=16384 --no-rosegment --hash-style=gnu --eh-frame-hdr -m aarch64linux -pie -dynamic-linker /system/bin/linker64 -o cmTC_553e6 /Users/joey/Library/Android/sdk/ndk/29.0.14033849/toolchains/llvm/prebuilt/darwin-x86_64/sysroot/usr/lib/aarch64-linux-android/26/crtbegin_dynamic.o -L/Users/joey/Library/Android/sdk/ndk/29.0.14033849/toolchains/llvm/prebuilt/darwin-x86_64/lib/clang/21/lib/linux/aarch64 -L/Users/joey/Library/Android/sdk/ndk/29.0.14033849/toolchains/llvm/prebuilt/darwin-x86_64/sysroot/usr/lib/aarch64-linux-android/26 -L/Users/joey/Library/Android/sdk/ndk/29.0.14033849/toolchains/llvm/prebuilt/darwin-x86_64/sysroot/usr/lib/aarch64-linux-android -L/Users/joey/Library/Android/sdk/ndk/29.0.14033849/toolchains/llvm/prebuilt/darwin-x86_64/sysroot/usr/lib --build-id=sha1 --no-rosegment --no-undefined-version --fatal-warnings --no-undefined CMakeFiles/cmTC_553e6.dir/CMakeCXXCompilerABI.cpp.o -lc++ -lm /Users/joey/Library/Android/sdk/ndk/29.0.14033849/toolchains/llvm/prebuilt/darwin-x86_64/lib/clang/21/lib/linux/libclang_rt.builtins-aarch64-android.a -l:libunwind.a -ldl -lc /Users/joey/Library/Android/sdk/ndk/29.0.14033849/toolchains/llvm/prebuilt/darwin-x86_64/lib/clang/21/lib/linux/libclang_rt.builtins-aarch64-android.a -l:libunwind.a -ldl /Users/joey/Library/Android/sdk/ndk/29.0.14033849/toolchains/llvm/prebuilt/darwin-x86_64/sysroot/usr/lib/aarch64-linux-android/26/crtend_android.o



Parsed CXX implicit include dir info from above output: rv=done
  found start of include info
  found start of implicit include info
    add: [/Users/joey/Library/Android/sdk/ndk/29.0.14033849/toolchains/llvm/prebuilt/darwin-x86_64/sysroot/usr/include/c++/v1]
    add: [/Users/joey/Library/Android/sdk/ndk/29.0.14033849/toolchains/llvm/prebuilt/darwin-x86_64/lib/clang/21/include]
    add: [/Users/joey/Library/Android/sdk/ndk/29.0.14033849/toolchains/llvm/prebuilt/darwin-x86_64/sysroot/usr/include/aarch64-linux-android]
    add: [/Users/joey/Library/Android/sdk/ndk/29.0.14033849/toolchains/llvm/prebuilt/darwin-x86_64/sysroot/usr/include]
  end of search list found
  collapse include dir [/Users/joey/Library/Android/sdk/ndk/29.0.14033849/toolchains/llvm/prebuilt/darwin-x86_64/sysroot/usr/include/c++/v1] ==> [/Users/joey/Library/Android/sdk/ndk/29.0.14033849/toolchains/llvm/prebuilt/darwin-x86_64/sysroot/usr/include/c++/v1]
  collapse include dir [/Users/joey/Library/Android/sdk/ndk/29.0.14033849/toolchains/llvm/prebuilt/darwin-x86_64/lib/clang/21/include] ==> [/Users/joey/Library/Android/sdk/ndk/29.0.14033849/toolchains/llvm/prebuilt/darwin-x86_64/lib/clang/21/include]
  collapse include dir [/Users/joey/Library/Android/sdk/ndk/29.0.14033849/toolchains/llvm/prebuilt/darwin-x86_64/sysroot/usr/include/aarch64-linux-android] ==> [/Users/joey/Library/Android/sdk/ndk/29.0.14033849/toolchains/llvm/prebuilt/darwin-x86_64/sysroot/usr/include/aarch64-linux-android]
  collapse include dir [/Users/joey/Library/Android/sdk/ndk/29.0.14033849/toolchains/llvm/prebuilt/darwin-x86_64/sysroot/usr/include] ==> [/Users/joey/Library/Android/sdk/ndk/29.0.14033849/toolchains/llvm/prebuilt/darwin-x86_64/sysroot/usr/include]
  implicit include dirs: [/Users/joey/Library/Android/sdk/ndk/29.0.14033849/toolchains/llvm/prebuilt/darwin-x86_64/sysroot/usr/include/c++/v1;/Users/joey/Library/Android/sdk/ndk/29.0.14033849/toolchains/llvm/prebuilt/darwin-x86_64/lib/clang/21/include;/Users/joey/Library/Android/sdk/ndk/29.0.14033849/toolchains/llvm/prebuilt/darwin-x86_64/sysroot/usr/include/aarch64-linux-android;/Users/joey/Library/Android/sdk/ndk/29.0.14033849/toolchains/llvm/prebuilt/darwin-x86_64/sysroot/usr/include]


Parsed CXX implicit link information from above output:
  link line regex: [^( *|.*[/\])(ld\.lld|CMAKE_LINK_STARTFILE-NOTFOUND|([^/\]+-)?ld|collect2)[^/\]*( |$)]
  ignore line: [Change Dir: /Users/joey/Desktop/work/01.prj/magic/release/v1.1.0/plugin/unity/Native/build/CMakeFiles/CMakeTmp]
  ignore line: []
  ignore line: [Run Build Command(s):/usr/bin/make -f Makefile cmTC_553e6/fast && /Applications/Xcode.app/Contents/Developer/usr/bin/make  -f CMakeFiles/cmTC_553e6.dir/build.make CMakeFiles/cmTC_553e6.dir/build]
  ignore line: [Building CXX object CMakeFiles/cmTC_553e6.dir/CMakeCXXCompilerABI.cpp.o]
  ignore line: [/Users/joey/Library/Android/sdk/ndk/29.0.14033849/toolchains/llvm/prebuilt/darwin-x86_64/bin/clang++ --target=aarch64-none-linux-android26 --sysroot=/Users/joey/Library/Android/sdk/ndk/29.0.14033849/toolchains/llvm/prebuilt/darwin-x86_64/sysroot   -g -DANDROID -fdata-sections -ffunction-sections -funwind-tables -fstack-protector-strong -no-canonical-prefixes -D_FORTIFY_SOURCE=2 -Wformat    -fPIE   -v -MD -MT CMakeFiles/cmTC_553e6.dir/CMakeCXXCompilerABI.cpp.o -MF CMakeFiles/cmTC_553e6.dir/CMakeCXXCompilerABI.cpp.o.d -o CMakeFiles/cmTC_553e6.dir/CMakeCXXCompilerABI.cpp.o -c /Applications/CMake.app/Contents/share/cmake-3.21/Modules/CMakeCXXCompilerABI.cpp]
  ignore line: [Android (13989888  +pgo  -bolt  +lto  -mlgo  based on r563880c) clang version 21.0.0 (https://android.googlesource.com/toolchain/llvm-project 5e96669f06077099aa41290cdb4c5e6fa0f59349)]
  ignore line: [Target: aarch64-none-linux-android26]
  ignore line: [Thread model: posix]
  ignore line: [InstalledDir: /Users/joey/Library/Android/sdk/ndk/29.0.14033849/toolchains/llvm/prebuilt/darwin-x86_64/bin]
  ignore line: [ (in-process)]
  ignore line: [ "/Users/joey/Library/Android/sdk/ndk/29.0.14033849/toolchains/llvm/prebuilt/darwin-x86_64/bin/clang++" -cc1 -triple aarch64-none-linux-android26 -emit-obj -disable-free -clear-ast-before-backend -disable-llvm-verifier -discard-value-names -main-file-name CMakeCXXCompilerABI.cpp -mrelocation-model pic -pic-level 2 -pic-is-pie -mframe-pointer=non-leaf -ffp-contract=on -fno-rounding-math -mconstructor-aliases -funwind-tables=2 -enable-tlsdesc -target-cpu generic -target-feature +v8a -target-feature +fp-armv8 -target-feature +neon -target-feature +fix-cortex-a53-835769 -target-abi aapcs -debug-info-kind=constructor -dwarf-version=4 -debugger-tuning=gdb -fdebug-compilation-dir=/Users/joey/Desktop/work/01.prj/magic/release/v1.1.0/plugin/unity/Native/build/CMakeFiles/CMakeTmp -v -ffunction-sections -fdata-sections -fcoverage-compilation-dir=/Users/joey/Desktop/work/01.prj/magic/release/v1.1.0/plugin/unity/Native/build/CMakeFiles/CMakeTmp -resource-dir /Users/joey/Library/Android/sdk/ndk/29.0.14033849/toolchains/llvm/prebuilt/darwin-x86_64/lib/clang/21 -dependency-file CMakeFiles/cmTC_553e6.dir/CMakeCXXCompilerABI.cpp.o.d -MT CMakeFiles/cmTC_553e6.dir/CMakeCXXCompilerABI.cpp.o -sys-header-deps -D ANDROID -D _FORTIFY_SOURCE=2 -isysroot /Users/joey/Library/Android/sdk/ndk/29.0.14033849/toolchains/llvm/prebuilt/darwin-x86_64/sysroot -internal-isystem /Users/joey/Library/Android/sdk/ndk/29.0.14033849/toolchains/llvm/prebuilt/darwin-x86_64/sysroot/usr/include/c++/v1 -internal-isystem /Users/joey/Library/Android/sdk/ndk/29.0.14033849/toolchains/llvm/prebuilt/darwin-x86_64/lib/clang/21/include -internal-isystem /Users/joey/Library/Android/sdk/ndk/29.0.14033849/toolchains/llvm/prebuilt/darwin-x86_64/sysroot/usr/local/include -internal-externc-isystem /Users/joey/Library/Android/sdk/ndk/29.0.14033849/toolchains/llvm/prebuilt/darwin-x86_64/sysroot/usr/include/aarch64-linux-android -internal-externc-isystem /Users/joey/Library/Android/sdk/ndk/29.0.14033849/toolchains/llvm/prebuilt/darwin-x86_64/sysroot/include -internal-externc-isystem /Users/joey/Library/Android/sdk/ndk/29.0.14033849/toolchains/llvm/prebuilt/darwin-x86_64/sysroot/usr/include -Wformat -fdeprecated-macro -ferror-limit 19 -femulated-tls -stack-protector 2 -fno-signed-char -fgnuc-version=4.2.1 -fskip-odr-check-in-gmf -fcxx-exceptions -fexceptions -target-feature +outline-atomics -D__GCC_HAVE_DWARF2_CFI_ASM=1 -o CMakeFiles/cmTC_553e6.dir/CMakeCXXCompilerABI.cpp.o -x c++ /Applications/CMake.app/Contents/share/cmake-3.21/Modules/CMakeCXXCompilerABI.cpp]
  ignore line: [clang -cc1 version 21.0.0 based upon LLVM 21.0.0 default target arm64-apple-darwin24.6.0]
  ignore line: [ignoring nonexistent directory "/Users/joey/Library/Android/sdk/ndk/29.0.14033849/toolchains/llvm/prebuilt/darwin-x86_64/sysroot/usr/local/include"]
  ignore line: [ignoring nonexistent directory "/Users/joey/Library/Android/sdk/ndk/29.0.14033849/toolchains/llvm/prebuilt/darwin-x86_64/sysroot/include"]
  ignore line: [#include "..." search starts here:]
  ignore line: [#include <...> search starts here:]
  ignore line: [ /Users/joey/Library/Android/sdk/ndk/29.0.14033849/toolchains/llvm/prebuilt/darwin-x86_64/sysroot/usr/include/c++/v1]
  ignore line: [ /Users/joey/Library/Android/sdk/ndk/29.0.14033849/toolchains/llvm/prebuilt/darwin-x86_64/lib/clang/21/include]
  ignore line: [ /Users/joey/Library/Android/sdk/ndk/29.0.14033849/toolchains/llvm/prebuilt/darwin-x86_64/sysroot/usr/include/aarch64-linux-android]
  ignore line: [ /Users/joey/Library/Android/sdk/ndk/29.0.14033849/toolchains/llvm/prebuilt/darwin-x86_64/sysroot/usr/include]
  ignore line: [End of search list.]
  ignore line: [Linking CXX executable cmTC_553e6]
  ignore line: [/Applications/CMake.app/Contents/bin/cmake -E cmake_link_script CMakeFiles/cmTC_553e6.dir/link.txt --verbose=1]
  ignore line: [/Users/joey/Library/Android/sdk/ndk/29.0.14033849/toolchains/llvm/prebuilt/darwin-x86_64/bin/clang++ --target=aarch64-none-linux-android26 --sysroot=/Users/joey/Library/Android/sdk/ndk/29.0.14033849/toolchains/llvm/prebuilt/darwin-x86_64/sysroot -g -DANDROID -fdata-sections -ffunction-sections -funwind-tables -fstack-protector-strong -no-canonical-prefixes -D_FORTIFY_SOURCE=2 -Wformat    -Wl --build-id=sha1 -Wl --no-rosegment -Wl --no-undefined-version -Wl --fatal-warnings -Wl --no-undefined -Qunused-arguments   -v CMakeFiles/cmTC_553e6.dir/CMakeCXXCompilerABI.cpp.o -o cmTC_553e6 ]
  ignore line: [Android (13989888  +pgo  -bolt  +lto  -mlgo  based on r563880c) clang version 21.0.0 (https://android.googlesource.com/toolchain/llvm-project 5e96669f06077099aa41290cdb4c5e6fa0f59349)]
  ignore line: [Target: aarch64-none-linux-android26]
  ignore line: [Thread model: posix]
  ignore line: [InstalledDir: /Users/joey/Library/Android/sdk/ndk/29.0.14033849/toolchains/llvm/prebuilt/darwin-x86_64/bin]
  link line: [ "/Users/joey/Library/Android/sdk/ndk/29.0.14033849/toolchains/llvm/prebuilt/darwin-x86_64/bin/ld.lld" --sysroot=/Users/joey/Library/Android/sdk/ndk/29.0.14033849/toolchains/llvm/prebuilt/darwin-x86_64/sysroot -EL --fix-cortex-a53-843419 -z now -z relro -z max-page-size=16384 --no-rosegment --hash-style=gnu --eh-frame-hdr -m aarch64linux -pie -dynamic-linker /system/bin/linker64 -o cmTC_553e6 /Users/joey/Library/Android/sdk/ndk/29.0.14033849/toolchains/llvm/prebuilt/darwin-x86_64/sysroot/usr/lib/aarch64-linux-android/26/crtbegin_dynamic.o -L/Users/joey/Library/Android/sdk/ndk/29.0.14033849/toolchains/llvm/prebuilt/darwin-x86_64/lib/clang/21/lib/linux/aarch64 -L/Users/joey/Library/Android/sdk/ndk/29.0.14033849/toolchains/llvm/prebuilt/darwin-x86_64/sysroot/usr/lib/aarch64-linux-android/26 -L/Users/joey/Library/Android/sdk/ndk/29.0.14033849/toolchains/llvm/prebuilt/darwin-x86_64/sysroot/usr/lib/aarch64-linux-android -L/Users/joey/Library/Android/sdk/ndk/29.0.14033849/toolchains/llvm/prebuilt/darwin-x86_64/sysroot/usr/lib --build-id=sha1 --no-rosegment --no-undefined-version --fatal-warnings --no-undefined CMakeFiles/cmTC_553e6.dir/CMakeCXXCompilerABI.cpp.o -lc++ -lm /Users/joey/Library/Android/sdk/ndk/29.0.14033849/toolchains/llvm/prebuilt/darwin-x86_64/lib/clang/21/lib/linux/libclang_rt.builtins-aarch64-android.a -l:libunwind.a -ldl -lc /Users/joey/Library/Android/sdk/ndk/29.0.14033849/toolchains/llvm/prebuilt/darwin-x86_64/lib/clang/21/lib/linux/libclang_rt.builtins-aarch64-android.a -l:libunwind.a -ldl /Users/joey/Library/Android/sdk/ndk/29.0.14033849/toolchains/llvm/prebuilt/darwin-x86_64/sysroot/usr/lib/aarch64-linux-android/26/crtend_android.o]
    arg [/Users/joey/Library/Android/sdk/ndk/29.0.14033849/toolchains/llvm/prebuilt/darwin-x86_64/bin/ld.lld] ==> ignore
    arg [--sysroot=/Users/joey/Library/Android/sdk/ndk/29.0.14033849/toolchains/llvm/prebuilt/darwin-x86_64/sysroot] ==> ignore
    arg [-EL] ==> ignore
    arg [--fix-cortex-a53-843419] ==> ignore
    arg [-znow] ==> ignore
    arg [-zrelro] ==> ignore
    arg [-zmax-page-size=16384] ==> ignore
    arg [--no-rosegment] ==> ignore
    arg [--hash-style=gnu] ==> ignore
    arg [--eh-frame-hdr] ==> ignore
    arg [-m] ==> ignore
    arg [aarch64linux] ==> ignore
    arg [-pie] ==> ignore
    arg [-dynamic-linker] ==> ignore
    arg [/system/bin/linker64] ==> ignore
    arg [-o] ==> ignore
    arg [cmTC_553e6] ==> ignore
    arg [/Users/joey/Library/Android/sdk/ndk/29.0.14033849/toolchains/llvm/prebuilt/darwin-x86_64/sysroot/usr/lib/aarch64-linux-android/26/crtbegin_dynamic.o] ==> obj [/Users/joey/Library/Android/sdk/ndk/29.0.14033849/toolchains/llvm/prebuilt/darwin-x86_64/sysroot/usr/lib/aarch64-linux-android/26/crtbegin_dynamic.o]
    arg [-L/Users/joey/Library/Android/sdk/ndk/29.0.14033849/toolchains/llvm/prebuilt/darwin-x86_64/lib/clang/21/lib/linux/aarch64] ==> dir [/Users/joey/Library/Android/sdk/ndk/29.0.14033849/toolchains/llvm/prebuilt/darwin-x86_64/lib/clang/21/lib/linux/aarch64]
    arg [-L/Users/joey/Library/Android/sdk/ndk/29.0.14033849/toolchains/llvm/prebuilt/darwin-x86_64/sysroot/usr/lib/aarch64-linux-android/26] ==> dir [/Users/joey/Library/Android/sdk/ndk/29.0.14033849/toolchains/llvm/prebuilt/darwin-x86_64/sysroot/usr/lib/aarch64-linux-android/26]
    arg [-L/Users/joey/Library/Android/sdk/ndk/29.0.14033849/toolchains/llvm/prebuilt/darwin-x86_64/sysroot/usr/lib/aarch64-linux-android] ==> dir [/Users/joey/Library/Android/sdk/ndk/29.0.14033849/toolchains/llvm/prebuilt/darwin-x86_64/sysroot/usr/lib/aarch64-linux-android]
    arg [-L/Users/joey/Library/Android/sdk/ndk/29.0.14033849/toolchains/llvm/prebuilt/darwin-x86_64/sysroot/usr/lib] ==> dir [/Users/joey/Library/Android/sdk/ndk/29.0.14033849/toolchains/llvm/prebuilt/darwin-x86_64/sysroot/usr/lib]
    arg [--build-id=sha1] ==> ignore
    arg [--no-rosegment] ==> ignore
    arg [--no-undefined-version] ==> ignore
    arg [--fatal-warnings] ==> ignore
    arg [--no-undefined] ==> ignore
    arg [CMakeFiles/cmTC_553e6.dir/CMakeCXXCompilerABI.cpp.o] ==> ignore
    arg [-lc++] ==> lib [c++]
    arg [-lm] ==> lib [m]
    arg [/Users/joey/Library/Android/sdk/ndk/29.0.14033849/toolchains/llvm/prebuilt/darwin-x86_64/lib/clang/21/lib/linux/libclang_rt.builtins-aarch64-android.a] ==> lib [/Users/joey/Library/Android/sdk/ndk/29.0.14033849/toolchains/llvm/prebuilt/darwin-x86_64/lib/clang/21/lib/linux/libclang_rt.builtins-aarch64-android.a]
    arg [-l:libunwind.a] ==> lib [-l:libunwind.a]
    arg [-ldl] ==> lib [dl]
    arg [-lc] ==> lib [c]
    arg [/Users/joey/Library/Android/sdk/ndk/29.0.14033849/toolchains/llvm/prebuilt/darwin-x86_64/lib/clang/21/lib/linux/libclang_rt.builtins-aarch64-android.a] ==> lib [/Users/joey/Library/Android/sdk/ndk/29.0.14033849/toolchains/llvm/prebuilt/darwin-x86_64/lib/clang/21/lib/linux/libclang_rt.builtins-aarch64-android.a]
    arg [-l:libunwind.a] ==> lib [-l:libunwind.a]
    arg [-ldl] ==> lib [dl]
    arg [/Users/joey/Library/Android/sdk/ndk/29.0.14033849/toolchains/llvm/prebuilt/darwin-x86_64/sysroot/usr/lib/aarch64-linux-android/26/crtend_android.o] ==> obj [/Users/joey/Library/Android/sdk/ndk/29.0.14033849/toolchains/llvm/prebuilt/darwin-x86_64/sysroot/usr/lib/aarch64-linux-android/26/crtend_android.o]
  remove lib [/Users/joey/Library/Android/sdk/ndk/29.0.14033849/toolchains/llvm/prebuilt/darwin-x86_64/lib/clang/21/lib/linux/libclang_rt.builtins-aarch64-android.a]
  remove lib [/Users/joey/Library/Android/sdk/ndk/29.0.14033849/toolchains/llvm/prebuilt/darwin-x86_64/lib/clang/21/lib/linux/libclang_rt.builtins-aarch64-android.a]
  collapse library dir [/Users/joey/Library/Android/sdk/ndk/29.0.14033849/toolchains/llvm/prebuilt/darwin-x86_64/lib/clang/21/lib/linux/aarch64] ==> [/Users/joey/Library/Android/sdk/ndk/29.0.14033849/toolchains/llvm/prebuilt/darwin-x86_64/lib/clang/21/lib/linux/aarch64]
  collapse library dir [/Users/joey/Library/Android/sdk/ndk/29.0.14033849/toolchains/llvm/prebuilt/darwin-x86_64/sysroot/usr/lib/aarch64-linux-android/26] ==> [/Users/joey/Library/Android/sdk/ndk/29.0.14033849/toolchains/llvm/prebuilt/darwin-x86_64/sysroot/usr/lib/aarch64-linux-android/26]
  collapse library dir [/Users/joey/Library/Android/sdk/ndk/29.0.14033849/toolchains/llvm/prebuilt/darwin-x86_64/sysroot/usr/lib/aarch64-linux-android] ==> [/Users/joey/Library/Android/sdk/ndk/29.0.14033849/toolchains/llvm/prebuilt/darwin-x86_64/sysroot/usr/lib/aarch64-linux-android]
  collapse library dir [/Users/joey/Library/Android/sdk/ndk/29.0.14033849/toolchains/llvm/prebuilt/darwin-x86_64/sysroot/usr/lib] ==> [/Users/joey/Library/Android/sdk/ndk/29.0.14033849/toolchains/llvm/prebuilt/darwin-x86_64/sysroot/usr/lib]
  implicit libs: [c++;m;-l:libunwind.a;dl;c;-l:libunwind.a;dl]
  implicit objs: [/Users/joey/Library/Android/sdk/ndk/29.0.14033849/toolchains/llvm/prebuilt/darwin-x86_64/sysroot/usr/lib/aarch64-linux-android/26/crtbegin_dynamic.o;/Users/joey/Library/Android/sdk/ndk/29.0.14033849/toolchains/llvm/prebuilt/darwin-x86_64/sysroot/usr/lib/aarch64-linux-android/26/crtend_android.o]
  implicit dirs: [/Users/joey/Library/Android/sdk/ndk/29.0.14033849/toolchains/llvm/prebuilt/darwin-x86_64/lib/clang/21/lib/linux/aarch64;/Users/joey/Library/Android/sdk/ndk/29.0.14033849/toolchains/llvm/prebuilt/darwin-x86_64/sysroot/usr/lib/aarch64-linux-android/26;/Users/joey/Library/Android/sdk/ndk/29.0.14033849/toolchains/llvm/prebuilt/darwin-x86_64/sysroot/usr/lib/aarch64-linux-android;/Users/joey/Library/Android/sdk/ndk/29.0.14033849/toolchains/llvm/prebuilt/darwin-x86_64/sysroot/usr/lib]
  implicit fwks: []


